Microchip MPLAB XC8 Compiler V2.10 ()

Linker command line:

-W-3 --edf=C:\Program Files (x86)\Microchip\xc8\v2.10\pic\dat\en_msgs.txt \
  -cs -h+dist/default/production\Final_Project.X.production.sym \
  --cmf=dist/default/production\Final_Project.X.production.cmf -z \
  -Q18F26K22 -oC:\Users\Nicholas\AppData\Local\Temp\sa78.2 \
  --defsym=__MPLAB_BUILD=1 \
  -Mdist/default/production/Final_Project.X.production.map -E1 -ver=XC8 \
  --acfsm=1493 -ASTACK=0284h-0F37h -pstack=STACK -ACODE=00h-0FFFFh \
  -ACONST=00h-0FFFFh -ASMALLCONST=01000h-010FFhx240 \
  -AMEDIUMCONST=01000h-0FFFFh -ACOMRAM=01h-05Fh -AABS1=00h-0F37h \
  -ABIGRAM=01h-0F37h -ARAM=060h-0FFh,0100h-01FFhx14,0F00h-0F37h \
  -ABANK0=060h-0FFh -ABANK1=0100h-01FFh -ABANK2=0200h-02FFh \
  -ABANK3=0300h-03FFh -ABANK4=0400h-04FFh -ABANK5=0500h-05FFh \
  -ABANK6=0600h-06FFh -ABANK7=0700h-07FFh -ABANK8=0800h-08FFh \
  -ABANK9=0900h-09FFh -ABANK10=0A00h-0AFFh -ABANK11=0B00h-0BFFh \
  -ABANK12=0C00h-0CFFh -ABANK13=0D00h-0DFFh -ABANK14=0E00h-0EFFh \
  -ABANK15=0F00h-0F37h -ASFR=0F38h-0F5Fh,0F60h-0FFFh \
  -preset_vec=00h,intcode=08h,intcodelo,powerup,init -pramtop=01000h \
  -psmallconst=SMALLCONST -pmediumconst=MEDIUMCONST -pconst=CONST \
  -AFARRAM=00h-00h -ACONFIG=0300000h-030000Dh -pconfig=CONFIG \
  -AIDLOC=0200000h-0200007h -pidloc=IDLOC -AEEDATA=0F00000h-0F003FFh \
  -peeprom_data=EEDATA \
  -prdata=COMRAM,nvrram=COMRAM,nvbit=COMRAM,rbss=COMRAM,rbit=COMRAM \
  -pfarbss=FARRAM,fardata=FARRAM,nvFARRAM=FARRAM \
  -pintsave_regs=BIGRAM,bigbss=BIGRAM,bigdata=BIGRAM -pbss=RAM \
  -pidata=CODE,irdata=CODE,ibigdata=CODE,ifardata=CODE -prparam=COMRAM \
  C:\Users\Nicholas\AppData\Local\Temp\sa78.o \
  dist/default/production\Final_Project.X.production.o 

Object code version is 3.11

Machine type is 18F26K22

Call graph: (short form)




                Name                               Link     Load   Length Selector   Space Scale
C:\Users\Nicholas\AppData\Local\Temp\sa78.o
                init                                 3C       3C        4        4       0
                reset_vec                             0        0        4        0       0
                idloc                            200000   200000        8   200000       0
                config                           300000   300000        E   300000       0
dist/default/production\Final_Project.X.production.o
                intcode                               8        8       34        4       0
                temp                                 5B       5B        1        1       1
                mediumconst                        FA98     FA98      568     7D4C       0
                text54                             1F6A     1F6A      18E        4       0
                text53                             2F94     2F94        6        4       0
                text51                             2DDE     2DDE       2A        4       0
                text50                             2F36     2F36       14        4       0
                text49                             2EE4     2EE4       16        4       0
                text48                             2F8A     2F8A        A        4       0
                text47                             28A2     28A2       96        4       0
                text46                             2C14     2C14       44        4       0
                text45                             2D7E     2D7E       36        4       0
                text44                             27E0     27E0       C2        4       0
                text43                             2A74     2A74       5A        4       0
                text42                             2560     2560       EA        4       0
                text41                             2470     2470       F0        4       0
                text40                             264A     264A       D0        4       0
                text39                             1BB6     1BB6      200        4       0
                text38                             2C98     2C98       3C        4       0
                text37                             2D46     2D46       38        4       0
                text36                             2D0E     2D0E       38        4       0
                text35                             2A16     2A16       5E        4       0
                text34                             18E2     18E2      2D4        4       0
                text33                              6BE      6BE      4EC        4       0
                text32                             29B2     29B2       64        4       0
                text31                             2E08     2E08       28        4       0
                text30                             2938     2938       7A        4       0
                text29                             226E     226E      104        4       0
                text28                             14B8     14B8      42A        4       0
                text27                              BAA      BAA      4C0        4       0
                text26                             2BCE     2BCE       46        4       0
                text25                             1DB6     1DB6      1B4        4       0
                text24                               40       40      67E        4       0
                text23                             2B7C     2B7C       52        4       0
                text22                             2F22     2F22       14        4       0
                text21                             271A     271A       C6        4       0
                text20                             2F0E     2F0E       14        4       0
                text19                             2ECC     2ECC       18        4       0
                text18                             2F80     2F80        A        4       0
                text17                             2F76     2F76        A        4       0
                text16                             2F6C     2F6C        A        4       0
                text15                             2C58     2C58       40        4       0
                text14                             2F9A     2F9A        4        4       0
                text13                             2EB0     2EB0       1C        4       0
                text12                             2DB4     2DB4       2A        4       0
                text11                             2E94     2E94       1C        4       0
                text10                             2E76     2E76       1E        4       0
                text9                              2ACE     2ACE       58        4       0
                text8                              20F8     20F8      176        4       0
                text7                              2EFA     2EFA       14        4       0
                text6                              2F62     2F62        A        4       0
                text5                              2F58     2F58        A        4       0
                text4                              2E54     2E54       22        4       0
                text3                              2E30     2E30       24        4       0
                text2                              2372     2372       FE        4       0
                text1                              2CD4     2CD4       3A        4       0
                text0                              106A     106A      44E        4       0
                cstackCOMRAM                          1        1       56        1       1
                cstackBANK0                          AC       AC       3D       60       1
                bssBANK2                            200      200       84      200       1
                bssBANK1                            100      100       A4      100       1
                dataBANK0                            E9       E9        E       60       1
                bssBANK0                             60       60       4C       60       1
                bssCOMRAM                            57       57        4        1       1
                cinit                              2B26     2B26       56        4       0
                idataBANK0                         2F4A     2F4A        E        4       0

TOTAL           Name                               Link     Load   Length     Space
        CLASS   STACK          

        CLASS   CODE           
                intcode                               8        8       34         0
                init                                 3C       3C        4         0
                reset_vec                             0        0        4         0
                text54                             1F6A     1F6A      18E         0
                text53                             2F94     2F94        6         0
                text51                             2DDE     2DDE       2A         0
                text50                             2F36     2F36       14         0
                text49                             2EE4     2EE4       16         0
                text48                             2F8A     2F8A        A         0
                text47                             28A2     28A2       96         0
                text46                             2C14     2C14       44         0
                text45                             2D7E     2D7E       36         0
                text44                             27E0     27E0       C2         0
                text43                             2A74     2A74       5A         0
                text42                             2560     2560       EA         0
                text41                             2470     2470       F0         0
                text40                             264A     264A       D0         0
                text39                             1BB6     1BB6      200         0
                text38                             2C98     2C98       3C         0
                text37                             2D46     2D46       38         0
                text36                             2D0E     2D0E       38         0
                text35                             2A16     2A16       5E         0
                text34                             18E2     18E2      2D4         0
                text33                              6BE      6BE      4EC         0
                text32                             29B2     29B2       64         0
                text31                             2E08     2E08       28         0
                text30                             2938     2938       7A         0
                text29                             226E     226E      104         0
                text28                             14B8     14B8      42A         0
                text27                              BAA      BAA      4C0         0
                text26                             2BCE     2BCE       46         0
                text25                             1DB6     1DB6      1B4         0
                text24                               40       40      67E         0
                text23                             2B7C     2B7C       52         0
                text22                             2F22     2F22       14         0
                text21                             271A     271A       C6         0
                text20                             2F0E     2F0E       14         0
                text19                             2ECC     2ECC       18         0
                text18                             2F80     2F80        A         0
                text17                             2F76     2F76        A         0
                text16                             2F6C     2F6C        A         0
                text15                             2C58     2C58       40         0
                text14                             2F9A     2F9A        4         0
                text13                             2EB0     2EB0       1C         0
                text12                             2DB4     2DB4       2A         0
                text11                             2E94     2E94       1C         0
                text10                             2E76     2E76       1E         0
                text9                              2ACE     2ACE       58         0
                text8                              20F8     20F8      176         0
                text7                              2EFA     2EFA       14         0
                text6                              2F62     2F62        A         0
                text5                              2F58     2F58        A         0
                text4                              2E54     2E54       22         0
                text3                              2E30     2E30       24         0
                text2                              2372     2372       FE         0
                text1                              2CD4     2CD4       3A         0
                text0                              106A     106A      44E         0
                cinit                              2B26     2B26       56         0
                idataBANK0                         2F4A     2F4A        E         0

        CLASS   CONST          

        CLASS   SMALLCONST     

        CLASS   MEDIUMCONST    
                mediumconst                        FA98     FA98      568         0

        CLASS   COMRAM         
                temp                                 5B       5B        1         1
                cstackCOMRAM                          1        1       56         1
                bssCOMRAM                            57       57        4         1

        CLASS   ABS1           

        CLASS   BIGRAM         

        CLASS   RAM            

        CLASS   BANK0          
                cstackBANK0                          AC       AC       3D         1
                dataBANK0                            E9       E9        E         1
                bssBANK0                             60       60       4C         1

        CLASS   BANK1          
                bssBANK1                            100      100       A4         1

        CLASS   BANK2          
                bssBANK2                            200      200       84         1

        CLASS   BANK3          

        CLASS   BANK4          

        CLASS   BANK5          

        CLASS   BANK6          

        CLASS   BANK7          

        CLASS   BANK8          

        CLASS   BANK9          

        CLASS   BANK10         

        CLASS   BANK11         

        CLASS   BANK12         

        CLASS   BANK13         

        CLASS   BANK14         

        CLASS   BANK15         

        CLASS   SFR            

        CLASS   FARRAM         

        CLASS   CONFIG         
                config                           300000   300000        E         0

        CLASS   IDLOC          
                idloc                            200000   200000        8         0

        CLASS   EEDATA         



SEGMENTS        Name                           Load    Length   Top    Selector   Space  Class

                reset_vec                      000000  000004  000004         0       0  CODE    
                cstackCOMRAM                   000001  00005B  00005C         1       1  COMRAM  
                intcode                        000008  002F96  002F9E         4       0  CODE    
                bssBANK0                       000060  000097  0000F7        60       1  BANK0   
                bssBANK1                       000100  0000A4  0001A4       100       1  BANK1   
                bssBANK2                       000200  000084  000284       200       1  BANK2   
                mediumconst                    00FA98  000568  010000      7D4C       0  MEDIUMCO
                idloc                          200000  000008  200008    200000       0  IDLOC   
                config                         300000  00000E  30000E    300000       0  CONFIG  


UNUSED ADDRESS RANGES

        Name                Unused          Largest block    Delta
        BANK0            0000F7-0000FF                9
        BANK1            0001A4-0001FF               5C
        BANK10           000A00-000AFF              100
        BANK11           000B00-000BFF              100
        BANK12           000C00-000CFF              100
        BANK13           000D00-000DFF              100
        BANK14           000E00-000EFF              100
        BANK15           000F00-000F37               38
        BANK2            000284-0002FF               7C
        BANK3            000300-0003FF              100
        BANK4            000400-0004FF              100
        BANK5            000500-0005FF              100
        BANK6            000600-0006FF              100
        BANK7            000700-0007FF              100
        BANK8            000800-0008FF              100
        BANK9            000900-0009FF              100
        BIGRAM           00005C-00005F                4
                         0000F7-0000FF                9
                         0001A4-0001FF               5C
                         000284-000F37              CB4
        CODE             000004-000007                4
                         002F9E-00FA97             CAFA
        COMRAM           00005C-00005F                4
        CONST            000004-000007                4
                         002F9E-00FA97             CAFA
        EEDATA           F00000-F003FF              400
        MEDIUMCONST      002F9E-00FA97             CAFA
        RAM              0000F7-0000FF                9
                         0001A4-0001FF               5C
                         000284-000F37              100
        SFR              000F38-000FFF               28
        SMALLCONST       002F9E-00FA97              100
        STACK            000284-000F37              CB4

                                  Symbol Table

?___fladd                                       cstackCOMRAM 00002C
?___flmul                                       cstackCOMRAM 000013
?___flsub                                       cstackCOMRAM 00003C
?___lodiv                                       cstackCOMRAM 000005
?___lomod                                       cstackCOMRAM 000005
?___xxtofl                                      cstackCOMRAM 000005
?_ctoa                                          cstackCOMRAM 000022
?_decodeBits                                    cstackBANK0  0000D1
?_isalpha                                       cstackCOMRAM 000005
?_islower                                       cstackCOMRAM 000005
?_isupper                                       cstackCOMRAM 000005
?_pad                                           cstackCOMRAM 000017
?_printf                                        cstackBANK0  0000BB
?_strlen                                        cstackCOMRAM 000005
?_strncmp                                       cstackCOMRAM 000005
?_toupper                                       cstackCOMRAM 00000B
?_utoa                                          cstackCOMRAM 000022
?_vfpfcnvrt                                     cstackCOMRAM 000049
?_vfprintf                                      cstackBANK0  0000B5
?_xtoa                                          cstackCOMRAM 000022
ECCP2_ISR@sentLow                               bssBANK0     000084
ECCP2_ISR@shiftMag                              bssBANK0     000085
ECCP2_ISR@state                                 bssBANK0     000086
ECCP2_ISR@waitDuration                          bssBANK0     000078
EUSART1_SetErrorHandler@interruptHandler        cstackCOMRAM 000005
EUSART1_SetFramingErrorHandler@interruptHandler cstackCOMRAM 000005
EUSART1_SetOverrunErrorHandler@interruptHandler cstackCOMRAM 000005
EUSART1_Write@txData                            cstackCOMRAM 000005
_ANSELA                                         (abs)        000F38
_ANSELB                                         (abs)        000F39
_ANSELC                                         (abs)        000F3A
_BAUDCON1                                       (abs)        000FB8
_CCP1CON                                        (abs)        000FBD
_CCP1CONbits                                    (abs)        000FBD
_CCP2CON                                        (abs)        000F66
_CCP2CONbits                                    (abs)        000F66
_CCPR1                                          (abs)        000FBE
_CCPR1H                                         (abs)        000FBF
_CCPR1L                                         (abs)        000FBE
_CCPR2                                          (abs)        000F67
_CCPR2H                                         (abs)        000F68
_CCPR2L                                         (abs)        000F67
_CCPTMRS0bits                                   (abs)        000F49
_ECCP1_Initialize                               text20       002F0E
_ECCP1_IsCapturedDataReady                      text7        002EFA
_ECCP2_CompareISR                               text53       002F94
_ECCP2_ISR                                      text54       001F6A
_ECCP2_Initialize                               text19       002ECC
_ECCP_SET_FALLING                               text6        002F62
_ECCP_SET_RISING                                text5        002F58
_ECCP_TRIGGER_TOGGLE                            text4        002E54
_EUSART1_DefaultErrorHandler                    (abs)        000000
_EUSART1_DefaultFramingErrorHandler             (abs)        000000
_EUSART1_DefaultOverrunErrorHandler             (abs)        000000
_EUSART1_ErrorHandler                           bssBANK0     00007C
_EUSART1_FramingErrorHandler                    bssBANK0     000080
_EUSART1_Initialize                             text15       002C58
_EUSART1_OverrunErrorHandler                    bssBANK0     00007E
_EUSART1_Read                                   text51       002DDE
_EUSART1_SetErrorHandler                        text18       002F80
_EUSART1_SetFramingErrorHandler                 text17       002F76
_EUSART1_SetOverrunErrorHandler                 text16       002F6C
_EUSART1_Write                                  text49       002EE4
_EUSART1_is_rx_ready                            text50       002F36
_INTCON2bits                                    (abs)        000FF1
_INTCONbits                                     (abs)        000FF2
_INTERRUPT_Initialize                           text14       002F9A
_INTERRUPT_InterruptManager                     intcode      000008
_LATA                                           (abs)        000F89
_LATB                                           (abs)        000F8A
_LATC                                           (abs)        000F8B
_OSCCON                                         (abs)        000FD3
_OSCCON2                                        (abs)        000FD2
_OSCILLATOR_Initialize                          text13       002EB0
_OSCTUNE                                        (abs)        000F9B
_PIE2bits                                       (abs)        000FA0
_PIN_MANAGER_Initialize                         text12       002DB4
_PIR1bits                                       (abs)        000F9E
_PIR2bits                                       (abs)        000FA1
_PLLRDY                                         (abs)        007E97
_RCONbits                                       (abs)        000FD0
_RCREG1                                         (abs)        000FAE
_RCSTA1                                         (abs)        000FAB
_RCSTA1bits                                     (abs)        000FAB
_SPBRG1                                         (abs)        000FAF
_SPBRGH1                                        (abs)        000FB0
_SYSTEM_Initialize                              text10       002E76
_T1CON                                          (abs)        000FCD
_T1CONbits                                      (abs)        000FCD
_T1GCON                                         (abs)        000FCC
_T1GCONbits                                     (abs)        000FCC
_TMR1                                           (abs)        000FCE
_TMR1H                                          (abs)        000FCF
_TMR1L                                          (abs)        000FCE
_TMR1_Initialize                                text11       002E94
_TRISA                                          (abs)        000F92
_TRISB                                          (abs)        000F93
_TRISC                                          (abs)        000F94
_TXREG1                                         (abs)        000FAD
_TXSTA1                                         (abs)        000FAC
_TXSTA1bits                                     (abs)        000FAC
_WPUB                                           (abs)        000F61
__CFG_BOREN$SBORDIS                             (abs)        000000
__CFG_BORV$190                                  (abs)        000000
__CFG_CCP2MX$PORTC1                             (abs)        000000
__CFG_CCP3MX$PORTB5                             (abs)        000000
__CFG_CP0$OFF                                   (abs)        000000
__CFG_CP1$OFF                                   (abs)        000000
__CFG_CP2$OFF                                   (abs)        000000
__CFG_CP3$OFF                                   (abs)        000000
__CFG_CPB$OFF                                   (abs)        000000
__CFG_CPD$OFF                                   (abs)        000000
__CFG_DEBUG$OFF                                 (abs)        000000
__CFG_EBTR0$OFF                                 (abs)        000000
__CFG_EBTR1$OFF                                 (abs)        000000
__CFG_EBTR2$OFF                                 (abs)        000000
__CFG_EBTR3$OFF                                 (abs)        000000
__CFG_EBTRB$OFF                                 (abs)        000000
__CFG_FCMEN$OFF                                 (abs)        000000
__CFG_FOSC$INTIO67                              (abs)        000000
__CFG_HFOFST$ON                                 (abs)        000000
__CFG_IESO$OFF                                  (abs)        000000
__CFG_LVP$ON                                    (abs)        000000
__CFG_MCLRE$EXTMCLR                             (abs)        000000
__CFG_P2BMX$PORTB5                              (abs)        000000
__CFG_PBADEN$ON                                 (abs)        000000
__CFG_PLLCFG$OFF                                (abs)        000000
__CFG_PRICLKEN$ON                               (abs)        000000
__CFG_PWRTEN$OFF                                (abs)        000000
__CFG_STVREN$ON                                 (abs)        000000
__CFG_T3CMX$PORTC0                              (abs)        000000
__CFG_WDTEN$OFF                                 (abs)        000000
__CFG_WDTPS$32768                               (abs)        000000
__CFG_WRT0$OFF                                  (abs)        000000
__CFG_WRT1$OFF                                  (abs)        000000
__CFG_WRT2$OFF                                  (abs)        000000
__CFG_WRT3$OFF                                  (abs)        000000
__CFG_WRTB$OFF                                  (abs)        000000
__CFG_WRTC$OFF                                  (abs)        000000
__CFG_WRTD$OFF                                  (abs)        000000
__CFG_XINST$OFF                                 (abs)        000000
__HRAM                                          (abs)        000000
__Habs1                                         abs1         000000
__Hbank0                                        bank0        000000
__Hbank1                                        bank1        000000
__Hbank10                                       bank10       000000
__Hbank11                                       bank11       000000
__Hbank12                                       bank12       000000
__Hbank13                                       bank13       000000
__Hbank14                                       bank14       000000
__Hbank15                                       bank15       000000
__Hbank2                                        bank2        000000
__Hbank3                                        bank3        000000
__Hbank4                                        bank4        000000
__Hbank5                                        bank5        000000
__Hbank6                                        bank6        000000
__Hbank7                                        bank7        000000
__Hbank8                                        bank8        000000
__Hbank9                                        bank9        000000
__Hbigbss                                       bigbss       000000
__Hbigdata                                      bigdata      000000
__Hbigram                                       bigram       000000
__Hbss                                          bss          000000
__HbssBANK0                                     bssBANK0     000000
__HbssBANK1                                     bssBANK1     000000
__HbssBANK2                                     bssBANK2     000000
__HbssCOMRAM                                    bssCOMRAM    000000
__Hcinit                                        cinit        000000
__Hclrtext                                      clrtext      000000
__Hcomram                                       comram       000000
__Hconfig                                       config       30000E
__Hconst                                        const        000000
__HcstackBANK0                                  cstackBANK0  000000
__HcstackCOMRAM                                 cstackCOMRAM 000000
__Hdata                                         data         000000
__HdataBANK0                                    dataBANK0    000000
__Heeprom_data                                  eeprom_data  000000
__Hfarbss                                       farbss       000000
__Hfardata                                      fardata      000000
__Hibigdata                                     ibigdata     000000
__Hidata                                        idata        000000
__HidataBANK0                                   idataBANK0   000000
__Hidloc                                        idloc        200008
__Hifardata                                     ifardata     000000
__Hinit                                         init         000040
__Hintcode                                      intcode      00003C
__Hintcode_body                                 intcode_body 000000
__Hintcodelo                                    intcodelo    00003C
__Hintentry                                     intentry     000000
__Hintret                                       intret       000000
__Hintsave_regs                                 intsave_regs 000000
__Hirdata                                       irdata       000000
__Hmediumconst                                  mediumconst  010000
__HnvFARRAM                                     nvFARRAM     000000
__Hnvbit                                        nvbit        000000
__Hnvrram                                       nvrram       000000
__Hparam                                        rparam       000000
__Hpowerup                                      powerup      00003C
__Hram                                          ram          000000
__Hramtop                                       ramtop       001000
__Hrbit                                         rbit         000000
__Hrbss                                         rbss         000000
__Hrdata                                        rdata        000000
__Hreset_vec                                    reset_vec    000004
__Hrparam                                       rparam       000000
__Hsfr                                          sfr          000000
__Hsmallconst                                   smallconst   000000
__Hspace_0                                      (abs)        30000E
__Hspace_1                                      (abs)        000284
__Hspace_2                                      (abs)        000000
__Hstack                                        stack        000000
__Hstruct                                       struct       000000
__Htemp                                         temp         00005C
__Htext                                         text         000000
__Htext0                                        text0        000000
__Htext1                                        text1        000000
__Htext10                                       text10       000000
__Htext11                                       text11       000000
__Htext12                                       text12       000000
__Htext13                                       text13       000000
__Htext14                                       text14       000000
__Htext15                                       text15       000000
__Htext16                                       text16       000000
__Htext17                                       text17       000000
__Htext18                                       text18       000000
__Htext19                                       text19       000000
__Htext2                                        text2        000000
__Htext20                                       text20       000000
__Htext21                                       text21       000000
__Htext22                                       text22       000000
__Htext23                                       text23       000000
__Htext24                                       text24       000000
__Htext25                                       text25       000000
__Htext26                                       text26       000000
__Htext27                                       text27       000000
__Htext28                                       text28       000000
__Htext29                                       text29       000000
__Htext3                                        text3        000000
__Htext30                                       text30       000000
__Htext31                                       text31       000000
__Htext32                                       text32       000000
__Htext33                                       text33       000000
__Htext34                                       text34       000000
__Htext35                                       text35       000000
__Htext36                                       text36       000000
__Htext37                                       text37       000000
__Htext38                                       text38       000000
__Htext39                                       text39       000000
__Htext4                                        text4        000000
__Htext40                                       text40       000000
__Htext41                                       text41       000000
__Htext42                                       text42       000000
__Htext43                                       text43       000000
__Htext44                                       text44       000000
__Htext45                                       text45       000000
__Htext46                                       text46       000000
__Htext47                                       text47       000000
__Htext48                                       text48       000000
__Htext49                                       text49       000000
__Htext5                                        text5        000000
__Htext50                                       text50       000000
__Htext51                                       text51       000000
__Htext53                                       text53       000000
__Htext54                                       text54       000000
__Htext6                                        text6        000000
__Htext7                                        text7        000000
__Htext8                                        text8        000000
__Htext9                                        text9        000000
__LRAM                                          (abs)        000001
__Labs1                                         abs1         000000
__Lbank0                                        bank0        000000
__Lbank1                                        bank1        000000
__Lbank10                                       bank10       000000
__Lbank11                                       bank11       000000
__Lbank12                                       bank12       000000
__Lbank13                                       bank13       000000
__Lbank14                                       bank14       000000
__Lbank15                                       bank15       000000
__Lbank2                                        bank2        000000
__Lbank3                                        bank3        000000
__Lbank4                                        bank4        000000
__Lbank5                                        bank5        000000
__Lbank6                                        bank6        000000
__Lbank7                                        bank7        000000
__Lbank8                                        bank8        000000
__Lbank9                                        bank9        000000
__Lbigbss                                       bigbss       000000
__Lbigdata                                      bigdata      000000
__Lbigram                                       bigram       000000
__Lbss                                          bss          000000
__LbssBANK0                                     bssBANK0     000000
__LbssBANK1                                     bssBANK1     000000
__LbssBANK2                                     bssBANK2     000000
__LbssCOMRAM                                    bssCOMRAM    000000
__Lcinit                                        cinit        000000
__Lclrtext                                      clrtext      000000
__Lcomram                                       comram       000000
__Lconfig                                       config       300000
__Lconst                                        const        000000
__LcstackBANK0                                  cstackBANK0  000000
__LcstackCOMRAM                                 cstackCOMRAM 000000
__Ldata                                         data         000000
__LdataBANK0                                    dataBANK0    000000
__Leeprom_data                                  eeprom_data  000000
__Lfarbss                                       farbss       000000
__Lfardata                                      fardata      000000
__Libigdata                                     ibigdata     000000
__Lidata                                        idata        000000
__LidataBANK0                                   idataBANK0   000000
__Lidloc                                        idloc        200000
__Lifardata                                     ifardata     000000
__Linit                                         init         00003C
__Lintcode                                      intcode      000008
__Lintcode_body                                 intcode_body 000000
__Lintcodelo                                    intcodelo    00003C
__Lintentry                                     intentry     000000
__Lintret                                       intret       000000
__Lintsave_regs                                 intsave_regs 000000
__Lirdata                                       irdata       000000
__Lmediumconst                                  mediumconst  00FA98
__LnvFARRAM                                     nvFARRAM     000000
__Lnvbit                                        nvbit        000000
__Lnvrram                                       nvrram       000000
__Lparam                                        rparam       000000
__Lpowerup                                      powerup      00003C
__Lram                                          ram          000000
__Lramtop                                       ramtop       001000
__Lrbit                                         rbit         000000
__Lrbss                                         rbss         000000
__Lrdata                                        rdata        000000
__Lreset_vec                                    reset_vec    000000
__Lrparam                                       rparam       000000
__Lsfr                                          sfr          000000
__Lsmallconst                                   smallconst   000000
__Lspace_0                                      (abs)        000000
__Lspace_1                                      (abs)        000000
__Lspace_2                                      (abs)        000000
__Lstack                                        stack        000000
__Lstruct                                       struct       000000
__Ltemp                                         temp         00005B
__Ltext                                         text         000000
__Ltext0                                        text0        000000
__Ltext1                                        text1        000000
__Ltext10                                       text10       000000
__Ltext11                                       text11       000000
__Ltext12                                       text12       000000
__Ltext13                                       text13       000000
__Ltext14                                       text14       000000
__Ltext15                                       text15       000000
__Ltext16                                       text16       000000
__Ltext17                                       text17       000000
__Ltext18                                       text18       000000
__Ltext19                                       text19       000000
__Ltext2                                        text2        000000
__Ltext20                                       text20       000000
__Ltext21                                       text21       000000
__Ltext22                                       text22       000000
__Ltext23                                       text23       000000
__Ltext24                                       text24       000000
__Ltext25                                       text25       000000
__Ltext26                                       text26       000000
__Ltext27                                       text27       000000
__Ltext28                                       text28       000000
__Ltext29                                       text29       000000
__Ltext3                                        text3        000000
__Ltext30                                       text30       000000
__Ltext31                                       text31       000000
__Ltext32                                       text32       000000
__Ltext33                                       text33       000000
__Ltext34                                       text34       000000
__Ltext35                                       text35       000000
__Ltext36                                       text36       000000
__Ltext37                                       text37       000000
__Ltext38                                       text38       000000
__Ltext39                                       text39       000000
__Ltext4                                        text4        000000
__Ltext40                                       text40       000000
__Ltext41                                       text41       000000
__Ltext42                                       text42       000000
__Ltext43                                       text43       000000
__Ltext44                                       text44       000000
__Ltext45                                       text45       000000
__Ltext46                                       text46       000000
__Ltext47                                       text47       000000
__Ltext48                                       text48       000000
__Ltext49                                       text49       000000
__Ltext5                                        text5        000000
__Ltext50                                       text50       000000
__Ltext51                                       text51       000000
__Ltext53                                       text53       000000
__Ltext54                                       text54       000000
__Ltext6                                        text6        000000
__Ltext7                                        text7        000000
__Ltext8                                        text8        000000
__Ltext9                                        text9        000000
__S0                                            (abs)        30000E
__S1                                            (abs)        000284
__S2                                            (abs)        000000
___fladd                                        text27       000BAA
___fladd@a                                      cstackCOMRAM 000030
___fladd@aexp                                   cstackCOMRAM 000039
___fladd@b                                      cstackCOMRAM 00002C
___fladd@bexp                                   cstackCOMRAM 00003A
___fladd@grs                                    cstackCOMRAM 00003B
___fladd@signs                                  cstackCOMRAM 000038
___flge                                         text29       00226E
___flge@ff1                                     cstackCOMRAM 000044
___flge@ff2                                     cstackCOMRAM 000048
___flmul                                        text28       0014B8
___flmul@a                                      cstackCOMRAM 000017
___flmul@aexp                                   cstackCOMRAM 000024
___flmul@b                                      cstackCOMRAM 000013
___flmul@bexp                                   cstackCOMRAM 000025
___flmul@grs                                    cstackCOMRAM 000020
___flmul@prod                                   cstackCOMRAM 000026
___flmul@sign                                   cstackCOMRAM 00001F
___flmul@temp                                   cstackCOMRAM 00002A
___flsub                                        text26       002BCE
___flsub@a                                      cstackCOMRAM 000040
___flsub@b                                      cstackCOMRAM 00003C
___inthi_sp                                     stack        000000
___intlo_sp                                     stack        000000
___lodiv                                        text41       002470
___lodiv@counter                                cstackCOMRAM 00001D
___lodiv@dividend                               cstackCOMRAM 000005
___lodiv@divisor                                cstackCOMRAM 00000D
___lodiv@quotient                               cstackCOMRAM 000015
___lomod                                        text40       00264A
___lomod@counter                                cstackCOMRAM 000015
___lomod@dividend                               cstackCOMRAM 000005
___lomod@divisor                                cstackCOMRAM 00000D
___param_bank                                   (abs)        000000
___rparam_used                                  (abs)        000001
___sp                                           stack        000000
___xxtofl                                       text25       001DB6
___xxtofl@arg                                   cstackCOMRAM 00000F
___xxtofl@exp                                   cstackCOMRAM 00000E
___xxtofl@sign                                  cstackCOMRAM 00000D
___xxtofl@val                                   cstackCOMRAM 000005
__accesstop                                     (abs)        000060
__activetblptr                                  (abs)        000003
__end_of_ECCP1_Initialize                       text20       002F22
__end_of_ECCP1_IsCapturedDataReady              text7        002F0E
__end_of_ECCP2_CompareISR                       text53       002F9A
__end_of_ECCP2_ISR                              text54       0020F8
__end_of_ECCP2_Initialize                       text19       002EE4
__end_of_ECCP_SET_FALLING                       text6        002F6C
__end_of_ECCP_SET_RISING                        text5        002F62
__end_of_ECCP_TRIGGER_TOGGLE                    text4        002E76
__end_of_EUSART1_Initialize                     text15       002C98
__end_of_EUSART1_Read                           text51       002E08
__end_of_EUSART1_SetErrorHandler                text18       002F8A
__end_of_EUSART1_SetFramingErrorHandler         text17       002F80
__end_of_EUSART1_SetOverrunErrorHandler         text16       002F76
__end_of_EUSART1_Write                          text49       002EFA
__end_of_EUSART1_is_rx_ready                    text50       002F4A
__end_of_INTERRUPT_Initialize                   text14       002F9E
__end_of_INTERRUPT_InterruptManager             intcode      00003C
__end_of_OSCILLATOR_Initialize                  text13       002ECC
__end_of_PIN_MANAGER_Initialize                 text12       002DDE
__end_of_SYSTEM_Initialize                      text10       002E94
__end_of_TMR1_Initialize                        text11       002EB0
__end_of___fladd                                text27       00106A
__end_of___flge                                 text29       002372
__end_of___flmul                                text28       0018E2
__end_of___flsub                                text26       002C14
__end_of___lodiv                                text41       002560
__end_of___lomod                                text40       00271A
__end_of___xxtofl                               text25       001F6A
__end_of__initialization                        cinit        002B72
__end_of_binaryPrint                            text30       0029B2
__end_of_captureOne                             text3        002E54
__end_of_ctoa                                   text43       002ACE
__end_of_decodeBits                             text24       0006BE
__end_of_fputc                                  text47       002938
__end_of_fputs                                  text46       002C58
__end_of_generalCases                           text21       0027E0
__end_of_initializeAll                          text9        002B26
__end_of_isalpha                                text38       002CD4
__end_of_islower                                text36       002D46
__end_of_isupper                                text37       002D7E
__end_of_main                                   text0        0014B8
__end_of_memset                                 text8        00226E
__end_of_pad                                    text44       0028A2
__end_of_printMenu                              text22       002F36
__end_of_printSevenDurations                    text23       002BCE
__end_of_printf                                 text31       002E30
__end_of_putch                                  text48       002F94
__end_of_recordDurations                        text2        002470
__end_of_setSevenDurations                      text1        002D0E
__end_of_strlen                                 text45       002DB4
__end_of_strncmp                                text42       00264A
__end_of_toupper                                text35       002A74
__end_of_utoa                                   text39       001DB6
__end_of_vfpfcnvrt                              text33       000BAA
__end_of_vfprintf                               text32       002A16
__end_of_xtoa                                   text34       001BB6
__initialization                                cinit        002B26
__mediumconst                                   mediumconst  00FA98
__pbssBANK0                                     bssBANK0     000060
__pbssBANK1                                     bssBANK1     000100
__pbssBANK2                                     bssBANK2     000200
__pbssCOMRAM                                    bssCOMRAM    000057
__pcinit                                        cinit        002B26
__pcstackBANK0                                  cstackBANK0  0000AC
__pcstackCOMRAM                                 cstackCOMRAM 000001
__pdataBANK0                                    dataBANK0    0000E9
__pidataBANK0                                   idataBANK0   002F4A
__pintcode                                      intcode      000008
__pmediumconst                                  mediumconst  00FA98
__ptext0                                        text0        00106A
__ptext1                                        text1        002CD4
__ptext10                                       text10       002E76
__ptext11                                       text11       002E94
__ptext12                                       text12       002DB4
__ptext13                                       text13       002EB0
__ptext14                                       text14       002F9A
__ptext15                                       text15       002C58
__ptext16                                       text16       002F6C
__ptext17                                       text17       002F76
__ptext18                                       text18       002F80
__ptext19                                       text19       002ECC
__ptext2                                        text2        002372
__ptext20                                       text20       002F0E
__ptext21                                       text21       00271A
__ptext22                                       text22       002F22
__ptext23                                       text23       002B7C
__ptext24                                       text24       000040
__ptext25                                       text25       001DB6
__ptext26                                       text26       002BCE
__ptext27                                       text27       000BAA
__ptext28                                       text28       0014B8
__ptext29                                       text29       00226E
__ptext3                                        text3        002E30
__ptext30                                       text30       002938
__ptext31                                       text31       002E08
__ptext32                                       text32       0029B2
__ptext33                                       text33       0006BE
__ptext34                                       text34       0018E2
__ptext35                                       text35       002A16
__ptext36                                       text36       002D0E
__ptext37                                       text37       002D46
__ptext38                                       text38       002C98
__ptext39                                       text39       001BB6
__ptext4                                        text4        002E54
__ptext40                                       text40       00264A
__ptext41                                       text41       002470
__ptext42                                       text42       002560
__ptext43                                       text43       002A74
__ptext44                                       text44       0027E0
__ptext45                                       text45       002D7E
__ptext46                                       text46       002C14
__ptext47                                       text47       0028A2
__ptext48                                       text48       002F8A
__ptext49                                       text49       002EE4
__ptext5                                        text5        002F58
__ptext50                                       text50       002F36
__ptext51                                       text51       002DDE
__ptext53                                       text53       002F94
__ptext54                                       text54       001F6A
__ptext6                                        text6        002F62
__ptext7                                        text7        002EFA
__ptext8                                        text8        0020F8
__ptext9                                        text9        002ACE
__ramtop                                        ramtop       001000
__size_of_ECCP1_Initialize                      (abs)        000000
__size_of_ECCP1_IsCapturedDataReady             (abs)        000000
__size_of_ECCP2_CompareISR                      (abs)        000000
__size_of_ECCP2_ISR                             (abs)        000000
__size_of_ECCP2_Initialize                      (abs)        000000
__size_of_ECCP_SET_FALLING                      (abs)        000000
__size_of_ECCP_SET_RISING                       (abs)        000000
__size_of_ECCP_TRIGGER_TOGGLE                   (abs)        000000
__size_of_EUSART1_Initialize                    (abs)        000000
__size_of_EUSART1_Read                          (abs)        000000
__size_of_EUSART1_SetErrorHandler               (abs)        000000
__size_of_EUSART1_SetFramingErrorHandler        (abs)        000000
__size_of_EUSART1_SetOverrunErrorHandler        (abs)        000000
__size_of_EUSART1_Write                         (abs)        000000
__size_of_EUSART1_is_rx_ready                   (abs)        000000
__size_of_INTERRUPT_Initialize                  (abs)        000000
__size_of_INTERRUPT_InterruptManager            (abs)        000000
__size_of_OSCILLATOR_Initialize                 (abs)        000000
__size_of_PIN_MANAGER_Initialize                (abs)        000000
__size_of_SYSTEM_Initialize                     (abs)        000000
__size_of_TMR1_Initialize                       (abs)        000000
__size_of___fladd                               (abs)        000000
__size_of___flge                                (abs)        000000
__size_of___flmul                               (abs)        000000
__size_of___flsub                               (abs)        000000
__size_of___lodiv                               (abs)        000000
__size_of___lomod                               (abs)        000000
__size_of___xxtofl                              (abs)        000000
__size_of_binaryPrint                           (abs)        000000
__size_of_captureOne                            (abs)        000000
__size_of_ctoa                                  (abs)        000000
__size_of_decodeBits                            (abs)        000000
__size_of_fputc                                 (abs)        000000
__size_of_fputs                                 (abs)        000000
__size_of_generalCases                          (abs)        000000
__size_of_initializeAll                         (abs)        000000
__size_of_isalpha                               (abs)        000000
__size_of_islower                               (abs)        000000
__size_of_isupper                               (abs)        000000
__size_of_main                                  (abs)        000000
__size_of_memset                                (abs)        000000
__size_of_pad                                   (abs)        000000
__size_of_printMenu                             (abs)        000000
__size_of_printSevenDurations                   (abs)        000000
__size_of_printf                                (abs)        000000
__size_of_putch                                 (abs)        000000
__size_of_recordDurations                       (abs)        000000
__size_of_setSevenDurations                     (abs)        000000
__size_of_strlen                                (abs)        000000
__size_of_strncmp                               (abs)        000000
__size_of_toupper                               (abs)        000000
__size_of_utoa                                  (abs)        000000
__size_of_vfpfcnvrt                             (abs)        000000
__size_of_vfprintf                              (abs)        000000
__size_of_xtoa                                  (abs)        000000
__smallconst                                    smallconst   000000
_binaryPrint                                    text30       002938
_bitCounts                                      bssBANK2     000200
_bitDurations                                   bssBANK1     000100
_buttonSequenceCodes                            bssBANK1     000184
_captureOne                                     text3        002E30
_ctoa                                           text43       002A74
_dbuf                                           bssBANK0     00008C
_decodeBits                                     text24       000040
_decodedValue                                   bssBANK0     000070
_eusart1RxLastError                             bssBANK0     00008B
_flags                                          bssCOMRAM    000059
_fputc                                          text47       0028A2
_fputs                                          text46       002C14
_generalCases                                   text21       00271A
_initializeAll                                  text9        002ACE
_isalpha                                        text38       002C98
_islower                                        text36       002D0E
_isupper                                        text37       002D46
_main                                           text0        00106A
_memset                                         text8        0020F8
_negEdge                                        bssBANK0     000089
_nout                                           bssBANK0     000074
_numberButtonCodes                              bssBANK0     000060
_pad                                            text44       0027E0
_posEdge                                        bssBANK0     00008A
_prec                                           bssCOMRAM    000057
_printMenu                                      text22       002F22
_printSevenDurations                            text23       002B7C
_printf                                         text31       002E08
_putch                                          text48       002F8A
_recordDurations                                text2        002372
_referenceDurations                             dataBANK0    0000E9
_setSevenDurations                              text1        002CD4
_strlen                                         text45       002D7E
_strncmp                                        text42       002560
_timer1ReloadVal                                bssBANK0     000082
_tmrCounts                                      bssBANK0     00007A
_toupper                                        text35       002A16
_toupper$1991                                   cstackCOMRAM 000011
_transmitting                                   bssBANK0     000088
_transmittingFinished                           bssBANK0     000087
_utoa                                           text39       001BB6
_vfpfcnvrt                                      text33       0006BE
_vfprintf                                       text32       0029B2
_width                                          bssBANK0     000076
_xtoa                                           text34       0018E2
_xtoa$1433                                      cstackCOMRAM 000035
_xtoa$1434                                      cstackCOMRAM 000037
binaryPrint@i                                   cstackBANK0  0000D9
binaryPrint@value                               cstackBANK0  0000D1
btemp                                           temp         00005B
ctoa@c                                          cstackCOMRAM 000024
ctoa@fp                                         cstackCOMRAM 000022
ctoa@w                                          cstackCOMRAM 000025
decodeBits@decodedVal                           cstackBANK0  0000DA
decodeBits@durationHigh                         cstackBANK0  0000E0
decodeBits@durationLow                          cstackBANK0  0000DE
decodeBits@i                                    cstackBANK0  0000E2
decodeBits@printBinary                          cstackBANK0  0000D9
end_of_initialization                           cinit        002B72
fputc@c                                         cstackCOMRAM 000007
fputc@fp                                        cstackCOMRAM 000009
fputs@c                                         cstackCOMRAM 000014
fputs@fp                                        cstackCOMRAM 000012
fputs@i                                         cstackCOMRAM 000015
fputs@s                                         cstackCOMRAM 000010
generalCases@cmd                                cstackBANK0  0000D3
generalCases@i                                  cstackBANK0  0000D4
int$flags                                       temp         00005B
intlevel0                                       text         000000
intlevel1                                       text         000000
intlevel2                                       text         000000
intlevel3                                       text         000000
isalpha@c                                       cstackCOMRAM 000005
islower@c                                       cstackCOMRAM 000005
isupper@c                                       cstackCOMRAM 000005
main@cmd                                        cstackBANK0  0000E7
main@i                                          cstackBANK0  0000E8
memset@c                                        cstackCOMRAM 000007
memset@dest                                     cstackCOMRAM 000005
memset@k                                        cstackCOMRAM 00000D
memset@n                                        cstackCOMRAM 000009
memset@s                                        cstackCOMRAM 00000F
pad@buf                                         cstackCOMRAM 000019
pad@fp                                          cstackCOMRAM 000017
pad@i                                           cstackCOMRAM 00001E
pad@p                                           cstackCOMRAM 00001B
pad@w                                           cstackCOMRAM 000020
printf@ap                                       cstackBANK0  0000CF
printf@fmt                                      cstackBANK0  0000BB
putch@txData                                    cstackCOMRAM 000006
recordDurations@i                               cstackBANK0  0000DC
recordDurations@verbose                         cstackBANK0  0000DB
stackhi                                         (abs)        000F37
stacklo                                         (abs)        000284
start                                           init         00003C
start_initialization                            cinit        002B26
strlen@a                                        cstackCOMRAM 000007
strlen@s                                        cstackCOMRAM 000005
strncmp@_l                                      cstackCOMRAM 000005
strncmp@_r                                      cstackCOMRAM 000007
strncmp@l                                       cstackCOMRAM 00000C
strncmp@n                                       cstackCOMRAM 000009
strncmp@r                                       cstackCOMRAM 00000E
toupper@c                                       cstackCOMRAM 00000B
ttemp5                                          temp         00005C
ttemp6                                          temp         00005F
ttemp7                                          temp         000063
utoa@d                                          cstackCOMRAM 000024
utoa@fp                                         cstackCOMRAM 000022
utoa@i                                          cstackCOMRAM 000040
utoa@n                                          cstackCOMRAM 000038
utoa@p                                          cstackCOMRAM 000034
utoa@w                                          cstackCOMRAM 000036
vfpfcnvrt@ap                                    cstackCOMRAM 00004D
vfpfcnvrt@c                                     cstackBANK0  0000AC
vfpfcnvrt@fmt                                   cstackCOMRAM 00004B
vfpfcnvrt@fp                                    cstackCOMRAM 000049
vfpfcnvrt@llu                                   cstackBANK0  0000AD
vfprintf@ap                                     cstackBANK0  0000B9
vfprintf@cfmt                                   cstackCOMRAM 000055
vfprintf@fmt                                    cstackBANK0  0000B7
vfprintf@fp                                     cstackBANK0  0000B5
wtemp8                                          temp         00005C
xtoa@c                                          cstackCOMRAM 000047
xtoa@d                                          cstackCOMRAM 000024
xtoa@fp                                         cstackCOMRAM 000022
xtoa@i                                          cstackCOMRAM 000045
xtoa@n                                          cstackCOMRAM 00003D
xtoa@p                                          cstackCOMRAM 000039
xtoa@w                                          cstackCOMRAM 00003B
xtoa@x                                          cstackCOMRAM 00002C


FUNCTION INFORMATION:

 *************** function _main *****************
 Defined at:
		line 32 in file "main.c"
 Parameters:    Size  Location     Type
		None
 Auto vars:     Size  Location     Type
  i               1   60[BANK0 ] unsigned char 
  cmd             1   59[BANK0 ] unsigned char 
 Return value:  Size  Location     Type
                  1    wreg      void 
 Registers used:
		wreg, fsr1l, fsr1h, fsr2l, fsr2h, status,2, status,0, tblptrl, tblptrh, tblptru, prodl, prodh, cstack
 Tracked objects:
		On entry : 
		On exit  : 
		Unchanged: 
 Data sizes:     COMRAM   BANK0   BANK1   BANK2   BANK3   BANK4   BANK5   BANK6   BANK7   BANK8   BANK9  BANK10  BANK11  BANK12  BANK13  BANK14  BANK15
      Params:         0       0       0       0       0       0       0       0       0       0       0       0       0       0       0       0       0
      Locals:         0       2       0       0       0       0       0       0       0       0       0       0       0       0       0       0       0
      Temps:          0       4       0       0       0       0       0       0       0       0       0       0       0       0       0       0       0
      Totals:         0       6       0       0       0       0       0       0       0       0       0       0       0       0       0       0       0
Total ram usage:        6 bytes
 Hardware stack levels required when called:   15
 This function calls:
		_EUSART1_Read
		_EUSART1_is_rx_ready
		_binaryPrint
		_captureOne
		_decodeBits
		_generalCases
		_initializeAll
		_memset
		_printSevenDurations
		_printf
		_recordDurations
		_setSevenDurations
 This function is called by:
		Startup code after reset
 This function uses a non-reentrant model


 *************** function _setSevenDurations *****************
 Defined at:
		line 34 in file "func.c"
 Parameters:    Size  Location     Type
		None
 Auto vars:     Size  Location     Type
		None
 Return value:  Size  Location     Type
                  1    wreg      void 
 Registers used:
		None
 Tracked objects:
		On entry : 
		On exit  : 
		Unchanged: 
 Data sizes:     COMRAM   BANK0   BANK1   BANK2   BANK3   BANK4   BANK5   BANK6   BANK7   BANK8   BANK9  BANK10  BANK11  BANK12  BANK13  BANK14  BANK15
      Params:         0       0       0       0       0       0       0       0       0       0       0       0       0       0       0       0       0
      Locals:         0       0       0       0       0       0       0       0       0       0       0       0       0       0       0       0       0
      Temps:          0       0       0       0       0       0       0       0       0       0       0       0       0       0       0       0       0
      Totals:         0       0       0       0       0       0       0       0       0       0       0       0       0       0       0       0       0
Total ram usage:        0 bytes
 Hardware stack levels used:    1
 Hardware stack levels required when called:    3
 This function calls:
		Nothing
 This function is called by:
		_main
 This function uses a non-reentrant model


 *************** function _recordDurations *****************
 Defined at:
		line 20 in file "func.c"
 Parameters:    Size  Location     Type
  verbose         1    wreg     _Bool 
 Auto vars:     Size  Location     Type
  verbose         1   47[BANK0 ] _Bool 
  i               1   48[BANK0 ] unsigned char 
 Return value:  Size  Location     Type
                  1    wreg      void 
 Registers used:
		wreg, fsr1l, fsr1h, fsr2l, fsr2h, status,2, status,0, tblptrl, tblptrh, tblptru, prodl, prodh, cstack
 Tracked objects:
		On entry : 
		On exit  : 
		Unchanged: 
 Data sizes:     COMRAM   BANK0   BANK1   BANK2   BANK3   BANK4   BANK5   BANK6   BANK7   BANK8   BANK9  BANK10  BANK11  BANK12  BANK13  BANK14  BANK15
      Params:         0       0       0       0       0       0       0       0       0       0       0       0       0       0       0       0       0
      Locals:         0       2       0       0       0       0       0       0       0       0       0       0       0       0       0       0       0
      Temps:          0      10       0       0       0       0       0       0       0       0       0       0       0       0       0       0       0
      Totals:         0      12       0       0       0       0       0       0       0       0       0       0       0       0       0       0       0
Total ram usage:       12 bytes
 Hardware stack levels used:    1
 Hardware stack levels required when called:   12
 This function calls:
		_ECCP_SET_FALLING
		_captureOne
		_printf
 This function is called by:
		_main
 This function uses a non-reentrant model


 *************** function _captureOne *****************
 Defined at:
		line 12 in file "func.c"
 Parameters:    Size  Location     Type
		None
 Auto vars:     Size  Location     Type
		None
 Return value:  Size  Location     Type
                  1    wreg      void 
 Registers used:
		wreg, status,2, status,0, cstack
 Tracked objects:
		On entry : 
		On exit  : 
		Unchanged: 
 Data sizes:     COMRAM   BANK0   BANK1   BANK2   BANK3   BANK4   BANK5   BANK6   BANK7   BANK8   BANK9  BANK10  BANK11  BANK12  BANK13  BANK14  BANK15
      Params:         0       0       0       0       0       0       0       0       0       0       0       0       0       0       0       0       0
      Locals:         0       0       0       0       0       0       0       0       0       0       0       0       0       0       0       0       0
      Temps:          0       0       0       0       0       0       0       0       0       0       0       0       0       0       0       0       0
      Totals:         0       0       0       0       0       0       0       0       0       0       0       0       0       0       0       0       0
Total ram usage:        0 bytes
 Hardware stack levels used:    1
 Hardware stack levels required when called:    5
 This function calls:
		_ECCP1_IsCapturedDataReady
		_ECCP_TRIGGER_TOGGLE
 This function is called by:
		_main
		_recordDurations
 This function uses a non-reentrant model


 *************** function _ECCP_TRIGGER_TOGGLE *****************
 Defined at:
		line 35 in file "helpers.c"
 Parameters:    Size  Location     Type
		None
 Auto vars:     Size  Location     Type
		None
 Return value:  Size  Location     Type
                  1    wreg      void 
 Registers used:
		wreg, status,2, status,0, cstack
 Tracked objects:
		On entry : 
		On exit  : 
		Unchanged: 
 Data sizes:     COMRAM   BANK0   BANK1   BANK2   BANK3   BANK4   BANK5   BANK6   BANK7   BANK8   BANK9  BANK10  BANK11  BANK12  BANK13  BANK14  BANK15
      Params:         0       0       0       0       0       0       0       0       0       0       0       0       0       0       0       0       0
      Locals:         0       0       0       0       0       0       0       0       0       0       0       0       0       0       0       0       0
      Temps:          0       0       0       0       0       0       0       0       0       0       0       0       0       0       0       0       0
      Totals:         0       0       0       0       0       0       0       0       0       0       0       0       0       0       0       0       0
Total ram usage:        0 bytes
 Hardware stack levels used:    1
 Hardware stack levels required when called:    4
 This function calls:
		_ECCP_SET_FALLING
		_ECCP_SET_RISING
 This function is called by:
		_captureOne
 This function uses a non-reentrant model


 *************** function _ECCP_SET_RISING *****************
 Defined at:
		line 27 in file "helpers.c"
 Parameters:    Size  Location     Type
		None
 Auto vars:     Size  Location     Type
		None
 Return value:  Size  Location     Type
                  1    wreg      void 
 Registers used:
		wreg, status,2
 Tracked objects:
		On entry : 
		On exit  : 
		Unchanged: 
 Data sizes:     COMRAM   BANK0   BANK1   BANK2   BANK3   BANK4   BANK5   BANK6   BANK7   BANK8   BANK9  BANK10  BANK11  BANK12  BANK13  BANK14  BANK15
      Params:         0       0       0       0       0       0       0       0       0       0       0       0       0       0       0       0       0
      Locals:         0       0       0       0       0       0       0       0       0       0       0       0       0       0       0       0       0
      Temps:          0       0       0       0       0       0       0       0       0       0       0       0       0       0       0       0       0
      Totals:         0       0       0       0       0       0       0       0       0       0       0       0       0       0       0       0       0
Total ram usage:        0 bytes
 Hardware stack levels used:    1
 Hardware stack levels required when called:    3
 This function calls:
		Nothing
 This function is called by:
		_ECCP_TRIGGER_TOGGLE
 This function uses a non-reentrant model


 *************** function _ECCP_SET_FALLING *****************
 Defined at:
		line 31 in file "helpers.c"
 Parameters:    Size  Location     Type
		None
 Auto vars:     Size  Location     Type
		None
 Return value:  Size  Location     Type
                  1    wreg      void 
 Registers used:
		wreg, status,2
 Tracked objects:
		On entry : 
		On exit  : 
		Unchanged: 
 Data sizes:     COMRAM   BANK0   BANK1   BANK2   BANK3   BANK4   BANK5   BANK6   BANK7   BANK8   BANK9  BANK10  BANK11  BANK12  BANK13  BANK14  BANK15
      Params:         0       0       0       0       0       0       0       0       0       0       0       0       0       0       0       0       0
      Locals:         0       0       0       0       0       0       0       0       0       0       0       0       0       0       0       0       0
      Temps:          0       0       0       0       0       0       0       0       0       0       0       0       0       0       0       0       0
      Totals:         0       0       0       0       0       0       0       0       0       0       0       0       0       0       0       0       0
Total ram usage:        0 bytes
 Hardware stack levels used:    1
 Hardware stack levels required when called:    3
 This function calls:
		Nothing
 This function is called by:
		_ECCP_TRIGGER_TOGGLE
		_recordDurations
 This function uses a non-reentrant model


 *************** function _ECCP1_IsCapturedDataReady *****************
 Defined at:
		line 76 in file "mcc_generated_files/eccp1.c"
 Parameters:    Size  Location     Type
		None
[...]
Total ram usage:        4 bytes
 Hardware stack levels used:    1
 Hardware stack levels required when called:    3
 This function calls:
		Nothing
 This function is called by:
		_pad
 This function uses a non-reentrant model


 *************** function _fputs *****************
 Defined at:
		line 8 in file "C:\Program Files (x86)\Microchip\xc8\v2.10\pic\sources\c99\common\nf_fputs.c"
 Parameters:    Size  Location     Type
  s               2   15[COMRAM] PTR const unsigned char 
		 -> dbuf(32), 
  fp              2   17[COMRAM] PTR struct _IO_FILE
		 -> NULL(0), 
 Auto vars:     Size  Location     Type
  i               2   20[COMRAM] int 
  c               1   19[COMRAM] unsigned char 
 Return value:  Size  Location     Type
                  2   15[COMRAM] int 
 Registers used:
		wreg, fsr1l, fsr1h, fsr2l, fsr2h, status,2, status,0, cstack
 Tracked objects:
		On entry : 
		On exit  : 
		Unchanged: 
 Data sizes:     COMRAM   BANK0   BANK1   BANK2   BANK3   BANK4   BANK5   BANK6   BANK7   BANK8   BANK9  BANK10  BANK11  BANK12  BANK13  BANK14  BANK15
      Params:         4       0       0       0       0       0       0       0       0       0       0       0       0       0       0       0       0
      Locals:         3       0       0       0       0       0       0       0       0       0       0       0       0       0       0       0       0
      Temps:          0       0       0       0       0       0       0       0       0       0       0       0       0       0       0       0       0
      Totals:         7       0       0       0       0       0       0       0       0       0       0       0       0       0       0       0       0
Total ram usage:        7 bytes
 Hardware stack levels used:    1
 Hardware stack levels required when called:    6
 This function calls:
		_fputc
 This function is called by:
		_pad
 This function uses a non-reentrant model


 *************** function _fputc *****************
 Defined at:
		line 8 in file "C:\Program Files (x86)\Microchip\xc8\v2.10\pic\sources\c99\common\nf_fputc.c"
 Parameters:    Size  Location     Type
  c               2    6[COMRAM] int 
  fp              2    8[COMRAM] PTR struct _IO_FILE
		 -> NULL(0), 
 Auto vars:     Size  Location     Type
		None
 Return value:  Size  Location     Type
                  2    6[COMRAM] int 
 Registers used:
		wreg, fsr1l, fsr1h, fsr2l, fsr2h, status,2, status,0, cstack
 Tracked objects:
		On entry : 
		On exit  : 
		Unchanged: 
 Data sizes:     COMRAM   BANK0   BANK1   BANK2   BANK3   BANK4   BANK5   BANK6   BANK7   BANK8   BANK9  BANK10  BANK11  BANK12  BANK13  BANK14  BANK15
      Params:         4       0       0       0       0       0       0       0       0       0       0       0       0       0       0       0       0
      Locals:         0       0       0       0       0       0       0       0       0       0       0       0       0       0       0       0       0
      Temps:          5       0       0       0       0       0       0       0       0       0       0       0       0       0       0       0       0
      Totals:         9       0       0       0       0       0       0       0       0       0       0       0       0       0       0       0       0
Total ram usage:        9 bytes
 Hardware stack levels used:    1
 Hardware stack levels required when called:    5
 This function calls:
		_putch
 This function is called by:
		_pad
		_vfpfcnvrt
		_fputs
 This function uses a non-reentrant model


 *************** function _putch *****************
 Defined at:
		line 146 in file "mcc_generated_files/eusart1.c"
 Parameters:    Size  Location     Type
  txData          1    wreg     unsigned char 
 Auto vars:     Size  Location     Type
  txData          1    5[COMRAM] unsigned char 
 Return value:  Size  Location     Type
                  1    wreg      void 
 Registers used:
		wreg, status,2, cstack
 Tracked objects:
		On entry : 
		On exit  : 
		Unchanged: 
 Data sizes:     COMRAM   BANK0   BANK1   BANK2   BANK3   BANK4   BANK5   BANK6   BANK7   BANK8   BANK9  BANK10  BANK11  BANK12  BANK13  BANK14  BANK15
      Params:         0       0       0       0       0       0       0       0       0       0       0       0       0       0       0       0       0
      Locals:         1       0       0       0       0       0       0       0       0       0       0       0       0       0       0       0       0
      Temps:          0       0       0       0       0       0       0       0       0       0       0       0       0       0       0       0       0
      Totals:         1       0       0       0       0       0       0       0       0       0       0       0       0       0       0       0       0
Total ram usage:        1 bytes
 Hardware stack levels used:    1
 Hardware stack levels required when called:    4
 This function calls:
		_EUSART1_Write
 This function is called by:
		_fputc
 This function uses a non-reentrant model


 *************** function _EUSART1_Write *****************
 Defined at:
		line 132 in file "mcc_generated_files/eusart1.c"
 Parameters:    Size  Location     Type
  txData          1    wreg     unsigned char 
 Auto vars:     Size  Location     Type
  txData          1    4[COMRAM] unsigned char 
 Return value:  Size  Location     Type
                  1    wreg      void 
 Registers used:
		wreg
 Tracked objects:
		On entry : 
		On exit  : 
		Unchanged: 
 Data sizes:     COMRAM   BANK0   BANK1   BANK2   BANK3   BANK4   BANK5   BANK6   BANK7   BANK8   BANK9  BANK10  BANK11  BANK12  BANK13  BANK14  BANK15
      Params:         0       0       0       0       0       0       0       0       0       0       0       0       0       0       0       0       0
      Locals:         1       0       0       0       0       0       0       0       0       0       0       0       0       0       0       0       0
      Temps:          0       0       0       0       0       0       0       0       0       0       0       0       0       0       0       0       0
      Totals:         1       0       0       0       0       0       0       0       0       0       0       0       0       0       0       0       0
Total ram usage:        1 bytes
 Hardware stack levels used:    1
 Hardware stack levels required when called:    3
 This function calls:
		Nothing
 This function is called by:
		_putch
 This function uses a non-reentrant model


 *************** function _EUSART1_is_rx_ready *****************
 Defined at:
		line 99 in file "mcc_generated_files/eusart1.c"
 Parameters:    Size  Location     Type
		None
 Auto vars:     Size  Location     Type
		None
 Return value:  Size  Location     Type
                  1    wreg      _Bool 
 Registers used:
		wreg
 Tracked objects:
		On entry : 
		On exit  : 
		Unchanged: 
 Data sizes:     COMRAM   BANK0   BANK1   BANK2   BANK3   BANK4   BANK5   BANK6   BANK7   BANK8   BANK9  BANK10  BANK11  BANK12  BANK13  BANK14  BANK15
      Params:         0       0       0       0       0       0       0       0       0       0       0       0       0       0       0       0       0
      Locals:         0       0       0       0       0       0       0       0       0       0       0       0       0       0       0       0       0
      Temps:          0       0       0       0       0       0       0       0       0       0       0       0       0       0       0       0       0
      Totals:         0       0       0       0       0       0       0       0       0       0       0       0       0       0       0       0       0
Total ram usage:        0 bytes
 Hardware stack levels used:    1
 Hardware stack levels required when called:    3
 This function calls:
		Nothing
 This function is called by:
		_main
 This function uses a non-reentrant model


 *************** function _EUSART1_Read *****************
 Defined at:
		line 113 in file "mcc_generated_files/eusart1.c"
 Parameters:    Size  Location     Type
		None
 Auto vars:     Size  Location     Type
		None
 Return value:  Size  Location     Type
                  1    wreg      unsigned char 
 Registers used:
		wreg, status,2
 Tracked objects:
		On entry : 
		On exit  : 
		Unchanged: 
 Data sizes:     COMRAM   BANK0   BANK1   BANK2   BANK3   BANK4   BANK5   BANK6   BANK7   BANK8   BANK9  BANK10  BANK11  BANK12  BANK13  BANK14  BANK15
      Params:         0       0       0       0       0       0       0       0       0       0       0       0       0       0       0       0       0
      Locals:         0       0       0       0       0       0       0       0       0       0       0       0       0       0       0       0       0
      Temps:          0       0       0       0       0       0       0       0       0       0       0       0       0       0       0       0       0
      Totals:         0       0       0       0       0       0       0       0       0       0       0       0       0       0       0       0       0
Total ram usage:        0 bytes
 Hardware stack levels used:    1
 Hardware stack levels required when called:    3
 This function calls:
		Nothing
 This function is called by:
		_main
		_getch
 This function uses a non-reentrant model


 *************** function _INTERRUPT_InterruptManager *****************
 Defined at:
		line 58 in file "mcc_generated_files/interrupt_manager.c"
 Parameters:    Size  Location     Type
		None
 Auto vars:     Size  Location     Type
		None
 Return value:  Size  Location     Type
                  1    wreg      void 
 Registers used:
		wreg, status,2, status,0, cstack
 Tracked objects:
		On entry : 
		On exit  : 
		Unchanged: 
 Data sizes:     COMRAM   BANK0   BANK1   BANK2   BANK3   BANK4   BANK5   BANK6   BANK7   BANK8   BANK9  BANK10  BANK11  BANK12  BANK13  BANK14  BANK15
      Params:         0       0       0       0       0       0       0       0       0       0       0       0       0       0       0       0       0
      Locals:         0       0       0       0       0       0       0       0       0       0       0       0       0       0       0       0       0
      Temps:          0       0       0       0       0       0       0       0       0       0       0       0       0       0       0       0       0
      Totals:         0       0       0       0       0       0       0       0       0       0       0       0       0       0       0       0       0
Total ram usage:        0 bytes
 Hardware stack levels used:    1
 Hardware stack levels required when called:    2
 This function calls:
		_ECCP2_CompareISR
 This function is called by:
		Interrupt level 2
 This function uses a non-reentrant model


 *************** function _ECCP2_CompareISR *****************
 Defined at:
		line 93 in file "mcc_generated_files/eccp2.c"
 Parameters:    Size  Location     Type
		None
 Auto vars:     Size  Location     Type
		None
 Return value:  Size  Location     Type
                  1    wreg      void 
 Registers used:
		wreg, status,2, status,0, cstack
 Tracked objects:
		On entry : 
		On exit  : 
		Unchanged: 
 Data sizes:     COMRAM   BANK0   BANK1   BANK2   BANK3   BANK4   BANK5   BANK6   BANK7   BANK8   BANK9  BANK10  BANK11  BANK12  BANK13  BANK14  BANK15
      Params:         0       0       0       0       0       0       0       0       0       0       0       0       0       0       0       0       0
      Locals:         0       0       0       0       0       0       0       0       0       0       0       0       0       0       0       0       0
      Temps:          0       0       0       0       0       0       0       0       0       0       0       0       0       0       0       0       0
      Totals:         0       0       0       0       0       0       0       0       0       0       0       0       0       0       0       0       0
Total ram usage:        0 bytes
 Hardware stack levels used:    1
 Hardware stack levels required when called:    1
 This function calls:
		_ECCP2_ISR
 This function is called by:
		_INTERRUPT_InterruptManager
 This function uses a non-reentrant model


 *************** function _ECCP2_ISR *****************
 Defined at:
		line 128 in file "func.c"
 Parameters:    Size  Location     Type
		None
 Auto vars:     Size  Location     Type
		None
 Return value:  Size  Location     Type
                  1    wreg      void 
 Registers used:
		wreg, status,2, status,0
 Tracked objects:
		On entry : 
		On exit  : 
		Unchanged: 
 Data sizes:     COMRAM   BANK0   BANK1   BANK2   BANK3   BANK4   BANK5   BANK6   BANK7   BANK8   BANK9  BANK10  BANK11  BANK12  BANK13  BANK14  BANK15
      Params:         0       0       0       0       0       0       0       0       0       0       0       0       0       0       0       0       0
      Locals:         0       0       0       0       0       0       0       0       0       0       0       0       0       0       0       0       0
      Temps:          4       0       0       0       0       0       0       0       0       0       0       0       0       0       0       0       0
      Totals:         4       0       0       0       0       0       0       0       0       0       0       0       0       0       0       0       0
Total ram usage:        4 bytes
 Hardware stack levels used:    1
 This function calls:
		Nothing
 This function is called by:
		_ECCP2_CompareISR
 This function uses a non-reentrant model



MODULE INFORMATION

Module		Function		Class		Link	Load	Size
mcc_generated_files/eccp1.c
		_ECCP1_IsCapturedDataReady		CODE           	2EFA	0000	21
		_ECCP1_Initialize		CODE           	2F0E	0000	21

mcc_generated_files/eccp1.c estimated size: 42

func.c
		_printSevenDurations		CODE           	2B7C	0000	83
		_setSevenDurations		CODE           	2CD4	0000	59
		_decodeBits    		CODE           	0040	0000	1663
		_ECCP2_ISR     		CODE           	1F6A	0000	399
		_recordDurations		CODE           	2372	0000	255
		_binaryPrint   		CODE           	2938	0000	123
		_captureOne    		CODE           	2E30	0000	37

func.c estimated size: 2619

C:\Program Files (x86)\Microchip\xc8\v2.10\pic\sources\c99\common\islower.c
		_islower       		CODE           	2D0E	0000	57

C:\Program Files (x86)\Microchip\xc8\v2.10\pic\sources\c99\common\islower.c estimated size: 57

C:\Program Files (x86)\Microchip\xc8\v2.10\pic\sources\c99\common\lodiv.c
		___lodiv       		CODE           	2470	0000	241

C:\Program Files (x86)\Microchip\xc8\v2.10\pic\sources\c99\common\lodiv.c estimated size: 241

C:\Program Files (x86)\Microchip\xc8\v2.10\pic\sources\c99\common\xxtofl.c
		___xxtofl      		CODE           	1DB6	0000	437

C:\Program Files (x86)\Microchip\xc8\v2.10\pic\sources\c99\common\xxtofl.c estimated size: 437

C:\Program Files (x86)\Microchip\xc8\v2.10\pic\sources\c99\common\toupper.c
		_toupper       		CODE           	2A16	0000	95

C:\Program Files (x86)\Microchip\xc8\v2.10\pic\sources\c99\common\toupper.c estimated size: 95

C:\Program Files (x86)\Microchip\xc8\v2.10\pic\sources\c99\common\isalpha.c
		_isalpha       		CODE           	2C98	0000	61

C:\Program Files (x86)\Microchip\xc8\v2.10\pic\sources\c99\common\isalpha.c estimated size: 61

mcc_generated_files/interrupt_manager.c
		_INTERRUPT_Initialize		CODE           	2F9A	0000	5
		_INTERRUPT_InterruptManager		CODE           	0008	0000	53

mcc_generated_files/interrupt_manager.c estimated size: 58

C:\Program Files (x86)\Microchip\xc8\v2.10\pic\sources\c99\common\strlen.c
		_strlen        		CODE           	2D7E	0000	55

C:\Program Files (x86)\Microchip\xc8\v2.10\pic\sources\c99\common\strlen.c estimated size: 55

C:\Program Files (x86)\Microchip\xc8\v2.10\pic\sources\c99\common\memset.c
		_memset        		CODE           	20F8	0000	375

C:\Program Files (x86)\Microchip\xc8\v2.10\pic\sources\c99\common\memset.c estimated size: 375

mcc_generated_files/pin_manager.c
		_PIN_MANAGER_Initialize		CODE           	2DB4	0000	43

mcc_generated_files/pin_manager.c estimated size: 43

C:\Program Files (x86)\Microchip\xc8\v2.10\pic\sources\c99\common\strncmp.c
		_strncmp       		CODE           	2560	0000	235

C:\Program Files (x86)\Microchip\xc8\v2.10\pic\sources\c99\common\strncmp.c estimated size: 235

C:\Program Files (x86)\Microchip\xc8\v2.10\pic\sources\c99\common\sprcmul.c
		___flmul       		CODE           	14B8	0000	1067

C:\Program Files (x86)\Microchip\xc8\v2.10\pic\sources\c99\common\sprcmul.c estimated size: 1067

C:\Program Files (x86)\Microchip\xc8\v2.10\pic\sources\c99\common\doprnt.c
		_vfpfcnvrt     		CODE           	06BE	0000	1261
		_pad           		CODE           	27E0	0000	195
		_ctoa          		CODE           	2A74	0000	91
		_vfprintf      		CODE           	29B2	0000	101
		_utoa          		CODE           	1BB6	0000	513
		_xtoa          		CODE           	18E2	0000	725

C:\Program Files (x86)\Microchip\xc8\v2.10\pic\sources\c99\common\doprnt.c estimated size: 2886

mcc_generated_files/eccp2.c
		_ECCP2_CompareISR		CODE           	2F94	0000	7
		_ECCP2_Initialize		CODE           	2ECC	0000	25

mcc_generated_files/eccp2.c estimated size: 32

C:\Program Files (x86)\Microchip\xc8\v2.10\pic\sources\c99\common\nf_fputs.c
		_fputs         		CODE           	2C14	0000	69

C:\Program Files (x86)\Microchip\xc8\v2.10\pic\sources\c99\common\nf_fputs.c estimated size: 69

C:\Program Files (x86)\Microchip\xc8\v2.10\pic\sources\c99\common\flge.c
		___flge        		CODE           	226E	0000	261

C:\Program Files (x86)\Microchip\xc8\v2.10\pic\sources\c99\common\flge.c estimated size: 261

shared
		__initialization		CODE           	2B26	0000	77

shared estimated size: 77

mcc_generated_files/eusart1.c
		_EUSART1_is_rx_ready		CODE           	2F36	0000	21
		_EUSART1_Initialize		CODE           	2C58	0000	65
		_putch         		CODE           	2F8A	0000	11
		_EUSART1_SetFramingErrorHandler		CODE           	2F76	0000	11
		_EUSART1_Read  		CODE           	2DDE	0000	43
		_EUSART1_SetOverrunErrorHandler		CODE           	2F6C	0000	11
		_EUSART1_SetErrorHandler		CODE           	2F80	0000	11
		_EUSART1_Write 		CODE           	2EE4	0000	23

mcc_generated_files/eusart1.c estimated size: 196

mcc_generated_files/mcc.c
		_OSCILLATOR_Initialize		CODE           	2EB0	0000	29
		_SYSTEM_Initialize		CODE           	2E76	0000	31

mcc_generated_files/mcc.c estimated size: 60

C:\Program Files (x86)\Microchip\xc8\v2.10\pic\sources\c99\common\lomod.c
		___lomod       		CODE           	264A	0000	209

C:\Program Files (x86)\Microchip\xc8\v2.10\pic\sources\c99\common\lomod.c estimated size: 209

mcc_generated_files/tmr1.c
		_TMR1_Initialize		CODE           	2E94	0000	29

mcc_generated_files/tmr1.c estimated size: 29

C:\Program Files (x86)\Microchip\xc8\v2.10\pic\sources\c99\common\sprcadd.c
		___flsub       		CODE           	2BCE	0000	71
		___fladd       		CODE           	0BAA	0000	1217

C:\Program Files (x86)\Microchip\xc8\v2.10\pic\sources\c99\common\sprcadd.c estimated size: 1288

helpers.c
		_generalCases  		CODE           	271A	0000	199
		_ECCP_SET_FALLING		CODE           	2F62	0000	11
		_printMenu     		CODE           	2F22	0000	21
		_ECCP_SET_RISING		CODE           	2F58	0000	11
		_ECCP_TRIGGER_TOGGLE		CODE           	2E54	0000	35
		_initializeAll 		CODE           	2ACE	0000	89

helpers.c estimated size: 366

main.c
		_main          		CODE           	106A	0000	1103

main.c estimated size: 1103

C:\Program Files (x86)\Microchip\xc8\v2.10\pic\sources\c99\common\isupper.c
		_isupper       		CODE           	2D46	0000	57

C:\Program Files (x86)\Microchip\xc8\v2.10\pic\sources\c99\common\isupper.c estimated size: 57

C:\Program Files (x86)\Microchip\xc8\v2.10\pic\sources\c99\common\printf.c
		_printf        		CODE           	2E08	0000	41

C:\Program Files (x86)\Microchip\xc8\v2.10\pic\sources\c99\common\printf.c estimated size: 41

C:\Program Files (x86)\Microchip\xc8\v2.10\pic\sources\c99\common\nf_fputc.c
		_fputc         		CODE           	28A2	0000	151

C:\Program Files (x86)\Microchip\xc8\v2.10\pic\sources\c99\common\nf_fputc.c estimated size: 151

